
[TestDeriveView_WithExecutions - 1]
TestDeriveView_WithExecutions
{
  "Views": [
    {
      "Type": "*views.DashboardView",
      "Data": {
        "Type": "DashboardView",
        "FilterMode": false,
        "FilterQuery": "",
        "SortOrder": "Created ↓",
        "ItemCount": 1,
        "SelectedIndex": 0,
        "HasError": false
      }
    },
    {
      "Type": "*views.ResourceMenuView",
      "Data": {
        "Type": "ResourceMenuView",
        "Handle": "test-ws",
        "ItemCount": 8,
        "SelectedIdx": 0
      }
    },
    {
      "Type": "*views.view_DeriveView",
      "Data": {
        "Type": "DeriveView",
        "Handle": "test-ws",
        "Purpose": "Project with history",
        "RepoCount": 1,
        "CaptureCount": 0,
        "ExecCount": 3,
        "Version": 1
      }
    }
  ]
}
---
