
[TestCapturesMenuView_WithCaptures - 1]
TestCapturesMenuView_WithCaptures
{
  "Views": [
    {
      "Type": "*views.DashboardView",
      "Data": {
        "Type": "DashboardView",
        "FilterMode": false,
        "FilterQuery": "",
        "SortOrder": "Created ↓",
        "ItemCount": 1,
        "SelectedIndex": 0,
        "HasError": false
      }
    },
    {
      "Type": "*views.ResourceMenuView",
      "Data": {
        "Type": "ResourceMenuView",
        "Handle": "test-ws",
        "ItemCount": 5,
        "SelectedIdx": 0
      }
    },
    {
      "Type": "*views.CapturesMenuView",
      "Data": {
        "Type": "CapturesMenuView",
        "Handle": "test-ws",
        "HasCaptures": true,
        "CaptureCnt": 1
      }
    }
  ]
}
---
