
[TestCaptureListView_WithFilter - 1]
TestCaptureListView_WithFilter
{
  "Views": [
    {
      "Type": "*views.DashboardView",
      "Data": {
        "Type": "DashboardView",
        "FilterMode": false,
        "FilterQuery": "",
        "SortOrder": "Created ↓",
        "ItemCount": 1,
        "SelectedIndex": 0,
        "HasError": false
      }
    },
    {
      "Type": "*views.ResourceMenuView",
      "Data": {
        "Type": "ResourceMenuView",
        "Handle": "test-ws",
        "ItemCount": 6,
        "SelectedIdx": 0
      }
    },
    {
      "Type": "*views.CapturesMenuView",
      "Data": {
        "Type": "CapturesMenuView",
        "Handle": "test-ws",
        "HasCaptures": true,
        "CaptureCnt": 3
      }
    },
    {
      "Type": "*views.CaptureListView",
      "Data": {
        "Type": "CaptureListView",
        "Handle": "test-ws",
        "CaptureCnt": 3,
        "FilteredCnt": 2,
        "Selected": 0,
        "FilterMode": true,
        "FilterText": "bac"
      }
    },
    {
      "Type": "*views.CaptureCreateView",
      "Data": {
        "Type": "CaptureCreateView",
        "Handle": "test-ws",
        "Name": "kend",
        "Description": "",
        "Step": 0,
        "Done": false,
        "CaptureID": "",
        "RepoCount": 2,
        "GitState": [
          {
            "Repository": "backend",
            "Branch": "",
            "Commit": "",
            "Dirty": false
          },
          {
            "Repository": "frontend",
            "Branch": "",
            "Commit": "",
            "Dirty": false
          }
        ]
      }
    }
  ]
}
---
