
[TestCaptureCreateView_Success - 1]
TestCaptureCreateView_Success
{
  "Views": [
    {
      "Type": "*views.DashboardView",
      "Data": {
        "Type": "DashboardView",
        "FilterMode": false,
        "FilterQuery": "",
        "SortOrder": "Created ↓",
        "ItemCount": 1,
        "SelectedIndex": 0,
        "HasError": false
      }
    },
    {
      "Type": "*views.ResourceMenuView",
      "Data": {
        "Type": "ResourceMenuView",
        "Handle": "my-workspace",
        "ItemCount": 5,
        "SelectedIdx": 0
      }
    },
    {
      "Type": "*views.CapturesMenuView",
      "Data": {
        "Type": "CapturesMenuView",
        "Handle": "my-workspace",
        "HasCaptures": false,
        "CaptureCnt": 0
      }
    },
    {
      "Type": "*views.CaptureCreateView",
      "Data": {
        "Type": "CaptureCreateView",
        "Handle": "my-workspace",
        "Name": "Before migration",
        "Description": "",
        "Step": 1,
        "Done": false,
        "CaptureID": "",
        "RepoCount": 2,
        "GitState": [
          {
            "Repository": "backend",
            "Branch": "main",
            "Commit": "",
            "Dirty": false
          },
          {
            "Repository": "frontend",
            "Branch": "",
            "Commit": "",
            "Dirty": false
          }
        ]
      }
    }
  ]
}
---
