
[TestCaptureListView_MultipleCaptures - 1]
TestCaptureListView_MultipleCaptures
{
  "Views": [
    {
      "Type": "*views.DashboardView",
      "Data": {
        "Type": "DashboardView",
        "FilterMode": false,
        "FilterQuery": "",
        "SortOrder": "Created ↓",
        "ItemCount": 1,
        "SelectedIndex": 0,
        "HasError": false
      }
    },
    {
      "Type": "*views.ResourceMenuView",
      "Data": {
        "Type": "ResourceMenuView",
        "Handle": "test-ws",
        "ItemCount": 5,
        "SelectedIdx": 0
      }
    },
    {
      "Type": "*views.CapturesMenuView",
      "Data": {
        "Type": "CapturesMenuView",
        "Handle": "test-ws",
        "HasCaptures": true,
        "CaptureCnt": 3
      }
    },
    {
      "Type": "*views.CaptureListView",
      "Data": {
        "Type": "CaptureListView",
        "Handle": "test-ws",
        "CaptureCnt": 3,
        "Selected": 0
      }
    }
  ]
}
---
