
[TestDashboardView_EmptyStateActions/enter_on_empty - 1]
TestDashboardView_EmptyStateActions/enter_on_empty
{
  "Views": [
    {
      "Type": "*views.DashboardView",
      "Data": {
        "Type": "DashboardView",
        "FilterMode": false,
        "FilterQuery": "",
        "ItemCount": 0,
        "SelectedIndex": 0,
        "HasError": false
      }
    }
  ]
}
---
