
[TestExecHistoryView_RecentList - 1]
TestExecHistoryView_RecentList
{
  "Views": [
    {
      "Type": "*views.DashboardView",
      "Data": {
        "Type": "DashboardView",
        "FilterMode": false,
        "FilterQuery": "",
        "SortOrder": "Created ↓",
        "ItemCount": 1,
        "SelectedIndex": 0,
        "HasError": false
      }
    },
    {
      "Type": "*views.ResourceMenuView",
      "Data": {
        "Type": "ResourceMenuView",
        "Handle": "test-ws",
        "ItemCount": 5,
        "SelectedIdx": 0
      }
    },
    {
      "Type": "*views.ExecMenuView",
      "Data": {
        "Type": "ExecMenuView",
        "Handle": "test-ws",
        "ItemCount": 2,
        "SelectedIdx": 0
      }
    },
    {
      "Type": "*views.ExecHistoryView",
      "Data": {
        "Type": "ExecHistoryView",
        "Handle": "test-ws",
        "ExecCount": 3,
        "Selected": 0,
        "FailureCnt": 1
      }
    }
  ]
}
---
