
[TestCaptureListView_Empty - 1]
TestCaptureListView_Empty
{
  "Views": [
    {
      "Type": "*views.DashboardView",
      "Data": {
        "Type": "DashboardView",
        "FilterMode": false,
        "FilterQuery": "",
        "SortOrder": "Created ↓",
        "ItemCount": 1,
        "SelectedIndex": 0,
        "HasError": false
      }
    },
    {
      "Type": "*views.ResourceMenuView",
      "Data": {
        "Type": "ResourceMenuView",
        "Handle": "empty-ws",
        "ItemCount": 6,
        "SelectedIdx": 0
      }
    },
    {
      "Type": "*views.CapturesMenuView",
      "Data": {
        "Type": "CapturesMenuView",
        "Handle": "empty-ws",
        "HasCaptures": false,
        "CaptureCnt": 0
      }
    }
  ]
}
---
