
[TestCaptureDetailsView_Success - 1]
TestCaptureDetailsView_Success
{
  "Views": [
    {
      "Type": "*views.DashboardView",
      "Data": {
        "Type": "DashboardView",
        "FilterMode": false,
        "FilterQuery": "",
        "SortOrder": "Created ↓",
        "ItemCount": 1,
        "SelectedIndex": 0,
        "HasError": false
      }
    },
    {
      "Type": "*views.ResourceMenuView",
      "Data": {
        "Type": "ResourceMenuView",
        "Handle": "test-ws",
        "ItemCount": 6,
        "SelectedIdx": 0
      }
    },
    {
      "Type": "*views.CapturesMenuView",
      "Data": {
        "Type": "CapturesMenuView",
        "Handle": "test-ws",
        "HasCaptures": true,
        "CaptureCnt": 1
      }
    },
    {
      "Type": "*views.CaptureListView",
      "Data": {
        "Type": "CaptureListView",
        "Handle": "test-ws",
        "CaptureCnt": 1,
        "Selected": 0
      }
    },
    {
      "Type": "*views.CaptureDetailsView",
      "Data": {
        "Type": "CaptureDetailsView",
        "Handle": "test-ws",
        "CaptureID": "cap-ready",
        "CaptureName": "Clean snapshot",
        "RepoCount": 0,
        "PreflightOK": true,
        "ErrorCount": 0,
        "Confirm": false,
        "ApplySuccess": false
      }
    }
  ]
}
---
