
[TestHealthView_AfterCleanup - 1]
TestHealthView_AfterCleanup
{
  "Views": [
    {
      "Type": "*views.DashboardView",
      "Data": {
        "Type": "DashboardView",
        "FilterMode": false,
        "FilterQuery": "",
        "SortOrder": "Created ↓",
        "ItemCount": 1,
        "SelectedIndex": 0,
        "HasError": false
      }
    },
    {
      "Type": "*views.ResourceMenuView",
      "Data": {
        "Type": "ResourceMenuView",
        "Handle": "test-ws",
        "ItemCount": 5,
        "SelectedIdx": 0
      }
    },
    {
      "Type": "*views.InfoMenuView",
      "Data": {
        "Type": "InfoMenuView",
        "Handle": "test-ws",
        "ItemCount": 4,
        "SelectedIdx": 0
      }
    },
    {
      "Type": "*views.modal_InspectView",
      "Data": {
        "Type": "InspectView",
        "Handle": "test-ws",
        "Purpose": "Test workspace",
        "Path": "",
        "RepoCount": 0,
        "CreatedDate": "Jan 26, 2026"
      }
    }
  ]
}
---
