
[TestWizardView_CreateSuccess - 1]
TestWizardView_CreateSuccess
{
  "Views": [
    {
      "Type": "*views.DashboardView",
      "Data": {
        "Type": "DashboardView",
        "FilterMode": false,
        "FilterQuery": "",
        "SortOrder": "Created ↓",
        "ItemCount": 0,
        "SelectedIndex": 0,
        "HasError": false
      }
    },
    {
      "Type": "*views.WizardView",
      "Data": {
        "Type": "WizardView",
        "Step": 1,
        "Purpose": "My project",
        "Template": "",
        "TemplateVarCount": 0,
        "RepoCount": 1,
        "FinishMode": false,
        "Loading": false,
        "Done": true
      }
    }
  ]
}
---
