
[TestExportView_InfoMenu/export_via_info_menu - 1]
TestExportView_InfoMenu/export_via_info_menu
{
  "Views": [
    {
      "Type": "*views.DashboardView",
      "Data": {
        "Type": "DashboardView",
        "FilterMode": false,
        "FilterQuery": "",
        "SortOrder": "Created ↓",
        "ItemCount": 1,
        "SelectedIndex": 0,
        "HasError": false
      }
    },
    {
      "Type": "*views.ResourceMenuView",
      "Data": {
        "Type": "ResourceMenuView",
        "Handle": "test-ws",
        "ItemCount": 6,
        "SelectedIdx": 0
      }
    },
    {
      "Type": "*views.InfoMenuView",
      "Data": {
        "Type": "InfoMenuView",
        "Handle": "test-ws",
        "ItemCount": 5,
        "SelectedIdx": 0
      }
    },
    {
      "Type": "*views.ExportView",
      "Data": {
        "Type": "ExportView",
        "Handle": "test-ws",
        "HasCopyResult": false,
        "CopyResult": ""
      }
    }
  ]
}
---
