[TestModal_Remove - 1]
TestModal_Remove
{
  "Views": [
    {
      "Type": "*views.DashboardView",
      "Data": {
        "Type": "DashboardView",
        "FilterMode": false,
        "FilterQuery": "",
        "SortOrder": "Created ↓",
        "ItemCount": 1,
        "SelectedIndex": 0,
        "HasError": false
      }
    },
    {
      "Type": "*views.ResourceMenuView",
      "Data": {
        "Type": "ResourceMenuView",
        "Handle": "delete-me",
        "ItemCount": 5,
        "SelectedIdx": 0
      }
    },
    {
      "Type": "*views.RemoveConfirmView",
      "Data": {
        "Type": "RemoveConfirmView",
        "Handle": "delete-me"
      }
    }
  ]
}
---
