
[TestWizardView_BackFromRepoStep - 1]
TestWizardView_BackFromRepoStep
{
  "Views": [
    {
      "Type": "*views.DashboardView",
      "Data": {
        "Type": "DashboardView",
        "FilterMode": false,
        "FilterQuery": "",
        "SortOrder": "Created ↓",
        "ItemCount": 0,
        "SelectedIndex": 0,
        "HasError": false
      }
    }
  ]
}
---
