
[TestWizardView_GitDetectionFailure - 1]
TestWizardView_GitDetectionFailure
{
  "Views": [
    {
      "Type": "*views.DashboardView",
      "Data": {
        "Type": "DashboardView",
        "FilterMode": false,
        "FilterQuery": "",
        "SortOrder": "Created ↓",
        "ItemCount": 0,
        "SelectedIndex": 0,
        "HasError": false
      }
    },
    {
      "Type": "*views.WizardView",
      "Data": {
        "Type": "WizardView",
        "Step": 1,
        "Purpose": "Test project",
        "Template": "",
        "TemplateVarCount": 0,
        "RepoCount": 0,
        "FinishMode": false,
        "Loading": false,
        "Done": false
      }
    },
    {
      "Type": "*views.modal_ErrorView",
      "Data": {
        "Type": "ErrorView",
        "Error": "at least one repository is required"
      }
    }
  ]
}
---
