
[TestWizardView_WithBranchRef - 1]
TestWizardView_WithBranchRef
{
  "Views": [
    {
      "Type": "*views.DashboardView",
      "Data": {
        "Type": "DashboardView",
        "FilterMode": false,
        "FilterQuery": "",
        "ItemCount": 0,
        "SelectedIndex": 0,
        "HasError": false
      }
    },
    {
      "Type": "*views.WizardView",
      "Data": {
        "Type": "WizardView",
        "Step": 1,
        "Purpose": "Feature development",
        "RepoCount": 1,
        "FinishMode": false,
        "Loading": false,
        "Done": false
      }
    }
  ]
}
---
